[      80ms] [INFO] %cDownload the React DevTools for a better development experience: https://react.dev/link/react-devtools font-weight:bold @ http://localhost:3000/_next/static/chunks/fa8dd_next_dist_fd32fe63._.js:2297
[      92ms] [LOG] [HMR] connected @ http://localhost:3000/_next/static/chunks/fa8dd_next_dist_fd32fe63._.js:2297
[   22314ms] [INFO] %cDownload the React DevTools for a better development experience: https://react.dev/link/react-devtools font-weight:bold @ http://localhost:3000/_next/static/chunks/fa8dd_next_dist_fd32fe63._.js:2297
[   22327ms] [LOG] [HMR] connected @ http://localhost:3000/_next/static/chunks/fa8dd_next_dist_fd32fe63._.js:2297
[   23381ms] [INFO] %cDownload the React DevTools for a better development experience: https://react.dev/link/react-devtools font-weight:bold @ http://localhost:3000/_next/static/chunks/fa8dd_next_dist_fd32fe63._.js:2297
[   23393ms] [LOG] [HMR] connected @ http://localhost:3000/_next/static/chunks/fa8dd_next_dist_fd32fe63._.js:2297
[   23525ms] [ERROR] Failed to load resource: the server responded with a status of 429 () @ https://aem-kakao-collector.onkakao.net/api/4571/store/?sentry_version=7&sentry_key=38c126fc1d7a4fa7be47d3974536cf64:0
[   23525ms] [ERROR] Refused to get unsafe header "Retry-After" @ http://t1.daumcdn.net/kas/static/ba.min.js:3
[   49042ms] [LOG] [Fast Refresh] rebuilding @ http://localhost:3000/_next/static/chunks/fa8dd_next_dist_fd32fe63._.js:2297
[   49083ms] [LOG] [Fast Refresh] done in 111ms @ http://localhost:3000/_next/static/chunks/fa8dd_next_dist_fd32fe63._.js:2297
[   54405ms] [INFO] %cDownload the React DevTools for a better development experience: https://react.dev/link/react-devtools font-weight:bold @ http://localhost:3000/_next/static/chunks/fa8dd_next_dist_fd32fe63._.js:2297
[   54415ms] [LOG] [HMR] connected @ http://localhost:3000/_next/static/chunks/fa8dd_next_dist_fd32fe63._.js:2297
[  294238ms] [LOG] [Fast Refresh] rebuilding @ http://localhost:3000/_next/static/chunks/fa8dd_next_dist_fd32fe63._.js:2297
[  294421ms] [LOG] [Fast Refresh] done in 285ms @ http://localhost:3000/_next/static/chunks/fa8dd_next_dist_fd32fe63._.js:2297
[  295848ms] [ERROR] Failed to load resource: the server responded with a status of 500 (Internal Server Error) @ http://localhost:3000/api/generate-background:0
[  295849ms] [ERROR] AI background generation error: Error: Failed to generate background
    at handleGenerateBackground (http://localhost:3000/_next/static/chunks/_cff9d8a5._.js:2188:23) @ http://localhost:3000/_next/static/chunks/fa8dd_next_dist_fd32fe63._.js:3127
[  330470ms] [LOG] [Fast Refresh] rebuilding @ http://localhost:3000/_next/static/chunks/fa8dd_next_dist_fd32fe63._.js:2297
[  330551ms] [LOG] [Fast Refresh] done in 14ms @ http://localhost:3000/_next/static/chunks/fa8dd_next_dist_fd32fe63._.js:2297
[  336511ms] [LOG] [Fast Refresh] rebuilding @ http://localhost:3000/_next/static/chunks/fa8dd_next_dist_fd32fe63._.js:2297
[  336543ms] [LOG] [Fast Refresh] done in 37ms @ http://localhost:3000/_next/static/chunks/fa8dd_next_dist_fd32fe63._.js:2297
[  665089ms] [LOG] [Fast Refresh] rebuilding @ http://localhost:3000/_next/static/chunks/fa8dd_next_dist_fd32fe63._.js:2297
[  665180ms] [LOG] [Fast Refresh] done in 33ms @ http://localhost:3000/_next/static/chunks/fa8dd_next_dist_fd32fe63._.js:2297
[  805634ms] [INFO] %cDownload the React DevTools for a better development experience: https://react.dev/link/react-devtools font-weight:bold @ http://localhost:3000/_next/static/chunks/fa8dd_next_dist_fd32fe63._.js:2297
[  805657ms] [LOG] [HMR] connected @ http://localhost:3000/_next/static/chunks/fa8dd_next_dist_fd32fe63._.js:2297
[  805880ms] [ERROR] Failed to load resource: the server responded with a status of 429 () @ https://aem-kakao-collector.onkakao.net/api/4571/store/?sentry_version=7&sentry_key=38c126fc1d7a4fa7be47d3974536cf64:0
[  805880ms] [ERROR] Refused to get unsafe header "Retry-After" @ http://t1.daumcdn.net/kas/static/ba.min.js:3
[  815303ms] [ERROR] Failed to load resource: the server responded with a status of 500 (Internal Server Error) @ http://localhost:3000/api/generate-background:0
[  815304ms] [ERROR] API Error Response: {error: Failed to generate background} @ http://localhost:3000/_next/static/chunks/fa8dd_next_dist_fd32fe63._.js:3127
[  815304ms] [ERROR] AI background generation error: Error: Failed to generate background
    at handleGenerateBackground (http://localhost:3000/_next/static/chunks/_cff9d8a5._.js:2190:23) @ http://localhost:3000/_next/static/chunks/fa8dd_next_dist_fd32fe63._.js:3127
[  858437ms] [INFO] %cDownload the React DevTools for a better development experience: https://react.dev/link/react-devtools font-weight:bold @ http://localhost:3000/_next/static/chunks/fa8dd_next_dist_fd32fe63._.js:2297
[  858452ms] [LOG] [HMR] connected @ http://localhost:3000/_next/static/chunks/fa8dd_next_dist_fd32fe63._.js:2297
[  858606ms] [ERROR] Failed to load resource: the server responded with a status of 429 () @ https://aem-kakao-collector.onkakao.net/api/4571/store/?sentry_version=7&sentry_key=38c126fc1d7a4fa7be47d3974536cf64:0
[  858606ms] [ERROR] Refused to get unsafe header "Retry-After" @ http://t1.daumcdn.net/kas/static/ba.min.js:3
[  866716ms] [ERROR] Failed to load resource: the server responded with a status of 500 (Internal Server Error) @ http://localhost:3000/api/generate-background:0
[  866716ms] [ERROR] API Error Response: {error: Failed to generate background} @ http://localhost:3000/_next/static/chunks/fa8dd_next_dist_fd32fe63._.js:3127
[  866717ms] [ERROR] AI background generation error: Error: Failed to generate background
    at handleGenerateBackground (http://localhost:3000/_next/static/chunks/_cff9d8a5._.js:2190:23) @ http://localhost:3000/_next/static/chunks/fa8dd_next_dist_fd32fe63._.js:3127
[  935072ms] [LOG] [Fast Refresh] rebuilding @ http://localhost:3000/_next/static/chunks/fa8dd_next_dist_fd32fe63._.js:2297
[  935204ms] [LOG] [Fast Refresh] done in 14ms @ http://localhost:3000/_next/static/chunks/fa8dd_next_dist_fd32fe63._.js:2297
