[     124ms] [INFO] %cDownload the React DevTools for a better development experience: https://react.dev/link/react-devtools font-weight:bold @ http://localhost:3000/_next/static/chunks/fa8dd_next_dist_fd32fe63._.js:2297
[     167ms] [LOG] [HMR] connected @ http://localhost:3000/_next/static/chunks/fa8dd_next_dist_fd32fe63._.js:2297
[    8121ms] [ERROR] WebSocket connection to 'ws://localhost:3000/_next/webpack-hmr?id=mQPK1DfpkLzOtltt4WJto' failed: Error in connection establishment: net::ERR_CONNECTION_REFUSED @ http://localhost:3000/_next/static/chunks/fa8dd_next_dist_client_b03d496f._.js:10878
[    9124ms] [ERROR] WebSocket connection to 'ws://localhost:3000/_next/webpack-hmr?id=mQPK1DfpkLzOtltt4WJto' failed: Error in connection establishment: net::ERR_CONNECTION_REFUSED @ http://localhost:3000/_next/static/chunks/fa8dd_next_dist_client_b03d496f._.js:10878
[   10127ms] [ERROR] WebSocket connection to 'ws://localhost:3000/_next/webpack-hmr?id=mQPK1DfpkLzOtltt4WJto' failed: Error in connection establishment: net::ERR_CONNECTION_REFUSED @ http://localhost:3000/_next/static/chunks/fa8dd_next_dist_client_b03d496f._.js:10878
[   11141ms] [LOG] [HMR] connected @ http://localhost:3000/_next/static/chunks/fa8dd_next_dist_fd32fe63._.js:2297
[   11462ms] [INFO] %cDownload the React DevTools for a better development experience: https://react.dev/link/react-devtools font-weight:bold @ http://localhost:3000/_next/static/chunks/fa8dd_next_dist_fd32fe63._.js:2297
[   11474ms] [LOG] [HMR] connected @ http://localhost:3000/_next/static/chunks/fa8dd_next_dist_fd32fe63._.js:2297
[   11623ms] [LOG] [Fast Refresh] rebuilding @ http://localhost:3000/_next/static/chunks/fa8dd_next_dist_fd32fe63._.js:2297
[   11766ms] [LOG] [Fast Refresh] done in 244ms @ http://localhost:3000/_next/static/chunks/fa8dd_next_dist_fd32fe63._.js:2297
[   15488ms] [INFO] %cDownload the React DevTools for a better development experience: https://react.dev/link/react-devtools font-weight:bold @ http://localhost:3000/_next/static/chunks/fa8dd_next_dist_fd32fe63._.js:2297
[   15500ms] [LOG] [HMR] connected @ http://localhost:3000/_next/static/chunks/fa8dd_next_dist_fd32fe63._.js:2297
[   16493ms] [INFO] %cDownload the React DevTools for a better development experience: https://react.dev/link/react-devtools font-weight:bold @ http://localhost:3000/_next/static/chunks/fa8dd_next_dist_fd32fe63._.js:2297
[   16505ms] [LOG] [HMR] connected @ http://localhost:3000/_next/static/chunks/fa8dd_next_dist_fd32fe63._.js:2297
[   17029ms] [INFO] %cDownload the React DevTools for a better development experience: https://react.dev/link/react-devtools font-weight:bold @ http://localhost:3000/_next/static/chunks/fa8dd_next_dist_fd32fe63._.js:2297
[   17041ms] [LOG] [HMR] connected @ http://localhost:3000/_next/static/chunks/fa8dd_next_dist_fd32fe63._.js:2297
[   17179ms] [INFO] %cDownload the React DevTools for a better development experience: https://react.dev/link/react-devtools font-weight:bold @ http://localhost:3000/_next/static/chunks/fa8dd_next_dist_fd32fe63._.js:2297
[   17190ms] [LOG] [HMR] connected @ http://localhost:3000/_next/static/chunks/fa8dd_next_dist_fd32fe63._.js:2297
[   17392ms] [INFO] %cDownload the React DevTools for a better development experience: https://react.dev/link/react-devtools font-weight:bold @ http://localhost:3000/_next/static/chunks/fa8dd_next_dist_fd32fe63._.js:2297
[   17403ms] [LOG] [HMR] connected @ http://localhost:3000/_next/static/chunks/fa8dd_next_dist_fd32fe63._.js:2297
[   17498ms] [INFO] %cDownload the React DevTools for a better development experience: https://react.dev/link/react-devtools font-weight:bold @ http://localhost:3000/_next/static/chunks/fa8dd_next_dist_fd32fe63._.js:2297
[   17510ms] [LOG] [HMR] connected @ http://localhost:3000/_next/static/chunks/fa8dd_next_dist_fd32fe63._.js:2297
[   17643ms] [ERROR] Failed to load resource: the server responded with a status of 429 () @ https://aem-kakao-collector.onkakao.net/api/4571/store/?sentry_version=7&sentry_key=38c126fc1d7a4fa7be47d3974536cf64:0
[   17643ms] [ERROR] Refused to get unsafe header "Retry-After" @ http://t1.daumcdn.net/kas/static/ba.min.js:3
